!      ---- Modo de Desenho da Barra ---
BU
!      ---- Tamanho da Fonte das Legendas ---
F 1
!      ---- Cores (Fundo - Identificador - Numero - Valor - Grid - Fluxo Ativo - Fluxo Reativo)---
RF 255 255 255
RI 128 0 128
RN 128 0 128
RV 0 0 255
RG 0 0 0
RA 0 0 255
RR 255 0 0
!      ---- Grupos Base de Tensão ----
!Ten  lar  R   G   B ID
G 138 3 255 128 0  1
G 34.5 2 0 255 0  2
!    ---- Componentes ----
!Numero Tipo Rot Hac Px Py Cor sl SubTp ch1 ch2 ch3 ch4 Descrip
C  1  1 257 0 10.3291 -9.39714  1  0 -  1  0  0  0 0
C  2  1 257 0 -44.5997 -9.60763  1  0 -  2  0  0  0 0
C  3  1 257 0 -113.048 -9.14522  2  0 -  3  0  0  0 0
C  4  1 257 0 -172.685 -9.43354  2  0 -  4  0  0  0 0
C  7  9 3 0 -78.3648 6.71467  0  0 -  1  3  2  0 87
C 17  4 1 0 -224.8 6.71467  2  0 -  1  4  0  0 87
C 23 25   0 0 -238.746 33.139  0  0 - 23  0  0  0 88
!   0   0   0 2 "BESS"
C 25 25   0 0 -296.98 -66.8067  0  0 - 25  0  0  0 64
! 255   0   0 3 "REDE EQUIVALENTE PARA TESTES DE MODELOS DINÂMICOS"
C 28 25   0 0 -237.629 48.4557  0  0 - 28  0  0  0 0
! 128  64   0 1 "B1 - Barra Infinita<*><*>B3 - Barra de controle a nível de planta<*><*>B4 - Barra do BESS (controle local)"
!      ---- Linhas ----
!Numero Tipo hac sl De Para ch1 nsg segmentos
L13 14 0 0   1   2  1  1 3 
L14 14 0 0   3   4  1  1 4 
!     ---- Ligacoes ----
!Numero Flags cor Inic Coni Fin Conf Linhas nqb quebras
U 1 0  2   7   1   3   2  -1   0 
U 2 0  1   7   2   2   2  -1   0 
U 3 0  1   1   2   2   2  13   0 
U 4 0  2   3   2   4   2  14   0 
U 5 0  2  17   1   4   2  -1   0 
!    ---- Posição de Legenda de Componentes ----
!NumCompo Label Rot Px Py
!     ---- Posição de Legenda de Ligacoes ----
!Lado NumLig Label Px Py
